// Jest Snapshot v1, https://goo.gl/fbAQLP

exports[`MobileParty should render correctly 1`] = `
<div>
  <div>
    <div>
      <div>
        <div>
          #000000
        </div>
        <div>
          3:07
        </div>
      </div>
      <div>
        <div>
          <div />
        </div>
        <div>
          <h1>
            Believer
          </h1>
          <sub>
            Imagine Dragons
          </sub>
        </div>
        <MediaControl
          color="#515151"
          size="40px"
        />
      </div>
    </div>
    <Progress
      percent={20}
    />
  </div>
  <div>
    <Track
      altText="+5"
      artists={
        Array [
          "Vance Joy",
        ]
      }
      cover="https://i.scdn.co/image/cefc7b35a2000f0dcfc676cee8bd9af26b6c751b"
      key="Riptide"
      name="Riptide"
    />
    <Track
      altText="+2"
      artists={
        Array [
          "Avicii",
        ]
      }
      cover="https://i.scdn.co/image/98c5699709d8c2497f34a177d159e1b1733f25bb"
      key="Hey Brother"
      name="Hey Brother"
    />
  </div>
</div>
`;
